// Jest Snapshot v1, https://goo.gl/fbAQLP

exports[`Popover renders 1`] = `
Array [
  <div
    onClick={[Function]}
    onKeyDown={[Function]}
    role="menu"
    tabIndex={-1}
  >
    <button
      className="sc-jKzugg kNvCcG"
      size="small"
      variant="primary"
    >
      <div
        className="sc-fEVxLL loSYLY"
      >
        Toggle Popover
      </div>
    </button>
  </div>,
  <div
    className="box"
    tabIndex={-1}
  >
    <div
      className="sc-bczRLJ gVNVRl"
    >
      <div>
        <div
          className="p-8 space-y-4"
        >
          <h3
            className="sc-hIkKma dDlWo"
            color="bulma.100"
            size={20}
          >
            Agents
          </h3>
          <p
            className="sc-hkWWFD iaYduC"
            color="bulma.100"
            size={14}
          >
            Lorem ipsum dolor sit amet, consectetur adipiscing elit, sed do eiusmod tempor incididunt ut labore et dolore magna aliqua. Ut enim ad minim veniam, quis nostrud exercitation ullamco laboris nisi ut aliquip ex ea commodo consequat. Duis aute irure dolor in reprehenderit in voluptate velit esse cillum dolore eu fugiat nulla pariatur. Ex
          </p>
        </div>
        <div
          className="sc-ejRpRk bXlOcT"
          size="small"
        >
          <div
            className="sc-hXbooz gQjNvm"
          >
            <div
              className="sc-eyHTTJ fxRJFX"
            >
              <button
                className="sc-jKzugg hReYeK"
                size="xsmall"
                variant="primary"
              >
                <div
                  className="sc-fEVxLL loSYLY"
                >
                  Button
                </div>
              </button>
            </div>
            <div
              className="sc-eyHTTJ fxRJFX"
            >
              <button
                className="sc-jKzugg iLOoxY"
                size="xsmall"
                variant="tertiary"
              >
                <div
                  className="sc-fEVxLL loSYLY"
                >
                  Button
                </div>
              </button>
            </div>
          </div>
          <div
            className="sc-eyHTTJ fxRJFX"
          >
            <button
              className="sc-jKzugg cWmjhM"
              size="xsmall"
              variant="secondary"
            >
              <div
                className="sc-fEVxLL loSYLY"
              >
                Button
              </div>
            </button>
          </div>
        </div>
      </div>
    </div>
  </div>,
]
`;
