// Jest Snapshot v1, https://goo.gl/fbAQLP

exports[`Dialog Content renders 1`] = `
<button
  className="sc-cYfpLr jjcokA"
  onClick={[Function]}
  size="small"
  variant="secondary"
>
  <div
    className="sc-lgfUwS ldRebZ"
  >
    Open Dialog
  </div>
</button>
`;
