// Jest Snapshot v1, https://goo.gl/fbAQLP

exports[`Dialog Overlay renders 1`] = `
<button
  className="sc-glUVip hQsbxL"
  onClick={[Function]}
  size="small"
  variant="secondary"
>
  <div
    className="sc-jKzugg egeOrH"
  >
    Open Dialog
  </div>
</button>
`;
