// Jest Snapshot v1, https://goo.gl/fbAQLP

exports[`Radiobutton API renders 1`] = `
<div
  className="flex flex-col"
>
  <h4
    className="mb-2"
  >
    Please select your age:
  </h4>
  <div
    className="mb-2"
  >
    <label
      className="sc-aXebn hJQzfR"
      id="age1"
    >
      <div
        className="sc-dpRLZP dcPvNg"
      >
        <div
          className="sc-bhpuBD vaRzw"
        >
          0 - 30
        </div>
        <span
          className="sc-bQRcPC jtgKwR"
        >
          <input
            aria-label="0 - 30"
            className="sc-jSROQh gOBvUA"
            id="age1"
            name="age"
            type="radio"
          />
          <span
            className="sc-gLwKcM gncfMS"
          >
            <div
              className="sc-hJISdk gPpBWA"
            />
          </span>
        </span>
      </div>
    </label>
  </div>
  <div
    className="mb-2"
  >
    <label
      className="sc-aXebn hJQzfR"
      id="age2"
    >
      <div
        className="sc-dpRLZP dcPvNg"
      >
        <div
          className="sc-bhpuBD vaRzw"
        >
          31 - 60
        </div>
        <span
          className="sc-bQRcPC jtgKwR"
        >
          <input
            aria-label="0 - 30"
            className="sc-jSROQh gOBvUA"
            id="age2"
            name="age"
            type="radio"
          />
          <span
            className="sc-gLwKcM gncfMS"
          >
            <div
              className="sc-hJISdk gPpBWA"
            />
          </span>
        </span>
      </div>
    </label>
  </div>
  <div
    className="mb-2"
  >
    <label
      className="sc-aXebn hJQzfR"
      id="age3"
    >
      <div
        className="sc-dpRLZP dcPvNg"
      >
        <div
          className="sc-bhpuBD vaRzw"
        >
          31 - 60
        </div>
        <span
          className="sc-bQRcPC jtgKwR"
        >
          <input
            aria-label="61 - 100"
            className="sc-jSROQh gOBvUA"
            id="age3"
            name="age"
            type="radio"
          />
          <span
            className="sc-gLwKcM gncfMS"
          >
            <div
              className="sc-hJISdk gPpBWA"
            />
          </span>
        </span>
      </div>
    </label>
  </div>
</div>
`;
